2026-07-06 12:29:41,696 | INFO | Add Student Request Received
2026-07-06 12:31:18,744 | INFO | Student Added | ID=7 | Name=Sameer shrema
2026-07-06 12:31:36,913 | INFO | All Student Show Request
2026-07-06 12:32:00,544 | INFO | Search Student Request | ID=6
2026-07-06 12:32:37,744 | INFO | Update Student Request | ID=7
2026-07-06 12:32:53,985 | INFO | Student Updated | ID=7
2026-07-06 12:33:17,280 | INFO | Delete Student Request | ID=7
2026-07-06 12:33:22,441 | INFO | Student Deleted | ID=7
2026-07-06 12:35:37,753 | INFO | All Student Show Request
2026-07-06 12:35:47,433 | INFO | Search Student Request | ID=6
2026-07-06 13:28:30,480 | INFO | All Student Show Request
2026-07-06 13:30:28,569 | INFO | All Student Show Request
2026-07-06 13:30:37,937 | INFO | All Student Show Request
2026-07-06 13:31:24,489 | INFO | All Student Show Request
2026-07-06 13:31:29,408 | INFO | All Student Show Request
2026-07-06 13:33:31,720 | INFO | All Student Show Request
2026-07-06 13:34:10,304 | INFO | All Student Show Request
2026-07-06 13:35:48,977 | INFO | All Student Show Request
2026-07-06 13:35:54,464 | INFO | All Student Show Request
2026-07-06 15:12:31,566 | INFO | All Student Show Request
2026-07-06 15:25:12,038 | INFO | All Student Show Request
2026-07-07 09:23:43,145 | INFO | Search Student Request | ID=786
2026-07-07 09:23:43,359 | ERROR | Student Not Found | ID=786
2026-07-07 09:25:05,044 | INFO | Update Student Request | ID=87
2026-07-07 09:25:05,046 | ERROR | Student Not Found | ID=87
2026-07-07 09:26:37,933 | INFO | Update Student Request | ID=98
2026-07-07 09:26:37,936 | ERROR | Student Not Found | ID=98
2026-07-07 10:33:51,825 | INFO | All Student Show Request
2026-07-07 10:33:58,767 | INFO | Search Student Request | ID=2
2026-07-07 10:34:08,961 | INFO | Update Student Request | ID=4
2026-07-07 10:34:08,965 | ERROR | Student Not Found | ID=4
2026-07-07 10:34:15,472 | INFO | Update Student Request | ID=1
2026-07-07 10:34:20,257 | INFO | Student Updated | ID=1
2026-07-07 10:36:28,737 | INFO | Delete Student Request | ID=6
2026-07-07 19:51:43,818 | INFO | Search Student Request | ID=45
2026-07-07 19:51:44,485 | ERROR | Student Not Found | ID=45
2026-07-07 19:51:54,785 | INFO | Update Student Request | ID=8
2026-07-07 19:51:54,788 | ERROR | Student Not Found | ID=8
2026-07-07 21:00:43,331 | INFO | Add Student Request Received
2026-07-07 21:02:14,110 | INFO | Add Student Request Received
2026-07-07 21:02:48,528 | INFO | Add Student Request Received
2026-07-07 21:03:06,759 | INFO | Add Student Request Received
2026-07-07 21:05:32,508 | INFO | Add Student Request Received
2026-07-07 21:05:51,627 | INFO | Add Student Request Received
2026-07-07 21:06:13,914 | INFO | Add Student Request Received
2026-07-07 21:07:56,947 | INFO | Add Student Request Received
2026-07-07 21:08:46,722 | INFO | Add Student Request Received
2026-07-07 21:09:36,577 | INFO | Add Student Request Received
2026-07-07 21:10:21,484 | INFO | Search Student Request | ID=5
2026-07-07 21:10:35,919 | INFO | Search Student Request | ID=dfd
2026-07-07 21:10:35,934 | ERROR | Student Not Found | ID=dfd
2026-07-07 21:34:02,161 | INFO | Add Student Request Received
